// Jest Snapshot v1, https://goo.gl/fbAQLP

exports[`tabuada tabuada de multiplicação do numero 5 1`] = `
"
5
10
15
20
25
30
35
40
45
50"
`;

exports[`tabuada tabuada de soma do numero 5 1`] = `
"
6
7
8
9
10
11
12
13
14
15"
`;
